
> datamart-dashboard-react@1.0.0 build
> tsc -b && vite build Check-Content build_output.txt

src/components/DashboardCharts.tsx(215,15): error TS6133: 'totalRisk' is declared but its value is never read.
src/components/dashboards/VicePrincipalDashboard.tsx(1,18): error TS6133: 'TrendingUp' is declared but its value is never read.
src/components/dashboards/VicePrincipalDashboard.tsx(28,5): error TS6133: 'data' is declared but its value is never read.
